Microsoft Windows [Version 6.1.7601]
Copyright (c) 2009 Microsoft Corporation.  All rights reserved.

C:\Users\sharad jagtap>cd MI-6-MEAN]
The system cannot find the path specified.

C:\Users\sharad jagtap>cd MI-6-MEAN

C:\Users\sharad jagtap\MI-6-MEAN>git checkout Pawan
Already on 'Pawan'
M       Pawan/assignment.txt
A       Pawan/linux_cmd.txt

C:\Users\sharad jagtap\MI-6-MEAN>git status
On branch Pawan
Changes to be committed:
  (use "git restore --staged <file>..." to unstage)
        modified:   Pawan/assignment.txt
        new file:   Pawan/linux_cmd.txt

Changes not staged for commit:
  (use "git add <file>..." to update what will be committed)
  (use "git restore <file>..." to discard changes in working directory)
        modified:   Pawan/assignment.txt

Untracked files:
  (use "git add <file>..." to include in what will be committed)
        pava1n.txt


C:\Users\sharad jagtap\MI-6-MEAN>git add Pawan/assignment.txt

C:\Users\sharad jagtap\MI-6-MEAN>git status
On branch Pawan
Changes to be committed:
  (use "git restore --staged <file>..." to unstage)
        modified:   Pawan/assignment.txt
        new file:   Pawan/linux_cmd.txt

Untracked files:
  (use "git add <file>..." to include in what will be committed)
        pava1n.txt


C:\Users\sharad jagtap\MI-6-MEAN>git status
On branch Pawan
Changes to be committed:
  (use "git restore --staged <file>..." to unstage)
        modified:   Pawan/assignment.txt
        new file:   Pawan/linux_cmd.txt


C:\Users\sharad jagtap\MI-6-MEAN>